# 🧭 仪表盘 · <NOW>

> 每晚 21:00 随晚间报告自动更新 ｜ 只含任务与日程（物流模式）

## ✅ 今天

（今天没有标注事项）

## 📅 未来 7 天

**9/15 周二**
- 明天的事（09/15 之前） *（main）*
- 开学 09/15 *（term）*
**9/16 周三**
- 9:30 · 表格行任务 09/16 *（main）*
- 范围：09/16-09/19 是一个日期范围 *（main）*
**9/17 周四**
- ⭐⭐⭐缴费截止 09/17 *（main）*
**9/18 周五**
- 三天前新增的任务 09/18 *（main）*

## 🐌 滑落 ≥14 天

- 文件 N 天未动 ｜ 无日期悬空任务 *（main）*
- 文件 N 天未动 ｜ 陈旧无日期任务一 *（stale）*
- 文件 N 天未动 ｜ 陈旧无日期任务二 *（stale）*
- 已拖 20 天 ｜ 陈旧带日期任务（08/25） *（stale）*

## 📥 inbox

待分拣 **2** 条（每周日 20:00 自动分拣；⏳ 项需你人工处理）
