BEGIN:VCALENDAR
VERSION:2.0
PRODID:-//planning-app//deadlines//CN
CALSCALE:GREGORIAN
METHOD:PUBLISH
X-WR-CALNAME:规划死线
BEGIN:VEVENT
UID:0b4ff81e4fe1187d4593eb4e273ef4e0@planning.joesonzx
DTSTAMP:<TS>
DTSTART;VALUE=DATE:20260913
DTEND;VALUE=DATE:20260914
SUMMARY:明天的事（09/13 之前）
DESCRIPTION:main.md
BEGIN:VALARM
ACTION:DISPLAY
TRIGGER:-P1D
DESCRIPTION:明天的事（09/13 之前）
END:VALARM
END:VEVENT
BEGIN:VEVENT
UID:b21bd12a47bd0727bc574dcf4b95c904@planning.joesonzx
DTSTAMP:<TS>
DTSTART;VALUE=DATE:20260915
DTEND;VALUE=DATE:20260916
SUMMARY:⭐ ⭐⭐缴费截止 09/15
DESCRIPTION:main.md
BEGIN:VALARM
ACTION:DISPLAY
TRIGGER:-P1D
DESCRIPTION:⭐ ⭐⭐缴费截止 09/15
END:VALARM
END:VEVENT
BEGIN:VEVENT
UID:0eb8885dcb46d15ef820552acb4dbb5d@planning.joesonzx
DTSTAMP:<TS>
DTSTART;VALUE=DATE:20260914
DTEND;VALUE=DATE:20260915
SUMMARY:9:30 · 表格行任务 09/14
DESCRIPTION:main.md
BEGIN:VALARM
ACTION:DISPLAY
TRIGGER:-P1D
DESCRIPTION:9:30 · 表格行任务 09/14
END:VALARM
END:VEVENT
BEGIN:VEVENT
UID:720a853cddeaa68426dc1b21e70c2ed6@planning.joesonzx
DTSTAMP:<TS>
DTSTART;VALUE=DATE:20260914
DTEND;VALUE=DATE:20260915
SUMMARY:范围：09/14-09/17 是一个日期范围
DESCRIPTION:main.md
BEGIN:VALARM
ACTION:DISPLAY
TRIGGER:-P1D
DESCRIPTION:范围：09/14-09/17 是一个日期范围
END:VALARM
END:VEVENT
BEGIN:VEVENT
UID:b99aeddec5e7a641a5b2ae344044a2d4@planning.joesonzx
DTSTAMP:<TS>
DTSTART;VALUE=DATE:20260917
DTEND;VALUE=DATE:20260918
SUMMARY:范围：09/14-09/17 是一个日期范围
DESCRIPTION:main.md
BEGIN:VALARM
ACTION:DISPLAY
TRIGGER:-P1D
DESCRIPTION:范围：09/14-09/17 是一个日期范围
END:VALARM
END:VEVENT
BEGIN:VEVENT
UID:811f2f0a029dfe15ca2c9599fa5cdcb3@planning.joesonzx
DTSTAMP:<TS>
DTSTART;VALUE=DATE:20260916
DTEND;VALUE=DATE:20260917
SUMMARY:三天前新增的任务 09/16
DESCRIPTION:main.md
BEGIN:VALARM
ACTION:DISPLAY
TRIGGER:-P1D
DESCRIPTION:三天前新增的任务 09/16
END:VALARM
END:VEVENT
BEGIN:VEVENT
UID:84cea90567388ac2ab15393536eb3f14@planning.joesonzx
DTSTAMP:<TS>
DTSTART;VALUE=DATE:20260913
DTEND;VALUE=DATE:20260914
SUMMARY:开学 09/13
DESCRIPTION:规划/term.md
BEGIN:VALARM
ACTION:DISPLAY
TRIGGER:-P1D
DESCRIPTION:开学 09/13
END:VALARM
END:VEVENT
BEGIN:VEVENT
UID:db955190c8f5659653a34c0441248eed@planning.joesonzx
DTSTAMP:<TS>
DTSTART;VALUE=DATE:20260924
DTEND;VALUE=DATE:20260925
SUMMARY:期末 09/24
DESCRIPTION:规划/term.md
BEGIN:VALARM
ACTION:DISPLAY
TRIGGER:-P1D
DESCRIPTION:期末 09/24
END:VALARM
END:VEVENT
END:VCALENDAR
