BEGIN:VCALENDAR
VERSION:2.0
PRODID:-//planning-app//deadlines//CN
CALSCALE:GREGORIAN
METHOD:PUBLISH
X-WR-CALNAME:规划死线
BEGIN:VEVENT
UID:f14499953536e1bb00b419e3dca355ae@planning.joesonzx
DTSTAMP:<TS>
DTSTART;VALUE=DATE:20260915
DTEND;VALUE=DATE:20260916
SUMMARY:明天的事（09/15 之前）
DESCRIPTION:main.md
BEGIN:VALARM
ACTION:DISPLAY
TRIGGER:-P1D
DESCRIPTION:明天的事（09/15 之前）
END:VALARM
END:VEVENT
BEGIN:VEVENT
UID:e22bd9e86e81e95b565891ed8ae0f45d@planning.joesonzx
DTSTAMP:<TS>
DTSTART;VALUE=DATE:20260917
DTEND;VALUE=DATE:20260918
SUMMARY:⭐ ⭐⭐缴费截止 09/17
DESCRIPTION:main.md
BEGIN:VALARM
ACTION:DISPLAY
TRIGGER:-P1D
DESCRIPTION:⭐ ⭐⭐缴费截止 09/17
END:VALARM
END:VEVENT
BEGIN:VEVENT
UID:8f5e7c2850e7683652f6ce0220aa03a7@planning.joesonzx
DTSTAMP:<TS>
DTSTART;VALUE=DATE:20260916
DTEND;VALUE=DATE:20260917
SUMMARY:9:30 · 表格行任务 09/16
DESCRIPTION:main.md
BEGIN:VALARM
ACTION:DISPLAY
TRIGGER:-P1D
DESCRIPTION:9:30 · 表格行任务 09/16
END:VALARM
END:VEVENT
BEGIN:VEVENT
UID:62d593d36f7d07006e6562b3155e1de1@planning.joesonzx
DTSTAMP:<TS>
DTSTART;VALUE=DATE:20260916
DTEND;VALUE=DATE:20260917
SUMMARY:范围：09/16-09/19 是一个日期范围
DESCRIPTION:main.md
BEGIN:VALARM
ACTION:DISPLAY
TRIGGER:-P1D
DESCRIPTION:范围：09/16-09/19 是一个日期范围
END:VALARM
END:VEVENT
BEGIN:VEVENT
UID:e6f601eba69ba866d53a76e0a922316d@planning.joesonzx
DTSTAMP:<TS>
DTSTART;VALUE=DATE:20260919
DTEND;VALUE=DATE:20260920
SUMMARY:范围：09/16-09/19 是一个日期范围
DESCRIPTION:main.md
BEGIN:VALARM
ACTION:DISPLAY
TRIGGER:-P1D
DESCRIPTION:范围：09/16-09/19 是一个日期范围
END:VALARM
END:VEVENT
BEGIN:VEVENT
UID:c20a10496d4f827ddd80bdeff01945d7@planning.joesonzx
DTSTAMP:<TS>
DTSTART;VALUE=DATE:20260918
DTEND;VALUE=DATE:20260919
SUMMARY:三天前新增的任务 09/18
DESCRIPTION:main.md
BEGIN:VALARM
ACTION:DISPLAY
TRIGGER:-P1D
DESCRIPTION:三天前新增的任务 09/18
END:VALARM
END:VEVENT
BEGIN:VEVENT
UID:b73d3fedf6e5dd16ab2dd7a9be20f09e@planning.joesonzx
DTSTAMP:<TS>
DTSTART;VALUE=DATE:20260915
DTEND;VALUE=DATE:20260916
SUMMARY:开学 09/15
DESCRIPTION:规划/term.md
BEGIN:VALARM
ACTION:DISPLAY
TRIGGER:-P1D
DESCRIPTION:开学 09/15
END:VALARM
END:VEVENT
BEGIN:VEVENT
UID:1858a5869e87a34413dfd0b6053c9226@planning.joesonzx
DTSTAMP:<TS>
DTSTART;VALUE=DATE:20260926
DTEND;VALUE=DATE:20260927
SUMMARY:期末 09/26
DESCRIPTION:规划/term.md
BEGIN:VALARM
ACTION:DISPLAY
TRIGGER:-P1D
DESCRIPTION:期末 09/26
END:VALARM
END:VEVENT
END:VCALENDAR
