BEGIN:VCALENDAR
VERSION:2.0
PRODID:-//planning-app//deadlines//CN
CALSCALE:GREGORIAN
METHOD:PUBLISH
X-WR-CALNAME:规划死线
BEGIN:VEVENT
UID:808ed9913364975773b230be77e3e0ff@planning.joesonzx
DTSTAMP:<TS>
DTSTART;VALUE=DATE:20260914
DTEND;VALUE=DATE:20260915
SUMMARY:明天的事（09/14 之前）
DESCRIPTION:main.md
BEGIN:VALARM
ACTION:DISPLAY
TRIGGER:-P1D
DESCRIPTION:明天的事（09/14 之前）
END:VALARM
END:VEVENT
BEGIN:VEVENT
UID:d203b746cb689e16b3783c788aba3eef@planning.joesonzx
DTSTAMP:<TS>
DTSTART;VALUE=DATE:20260916
DTEND;VALUE=DATE:20260917
SUMMARY:⭐ ⭐⭐缴费截止 09/16
DESCRIPTION:main.md
BEGIN:VALARM
ACTION:DISPLAY
TRIGGER:-P1D
DESCRIPTION:⭐ ⭐⭐缴费截止 09/16
END:VALARM
END:VEVENT
BEGIN:VEVENT
UID:4ca1a5f86fa8784e18d8e77e14ada751@planning.joesonzx
DTSTAMP:<TS>
DTSTART;VALUE=DATE:20260915
DTEND;VALUE=DATE:20260916
SUMMARY:9:30 · 表格行任务 09/15
DESCRIPTION:main.md
BEGIN:VALARM
ACTION:DISPLAY
TRIGGER:-P1D
DESCRIPTION:9:30 · 表格行任务 09/15
END:VALARM
END:VEVENT
BEGIN:VEVENT
UID:09abd6ec867b0f6b95354be46df6b714@planning.joesonzx
DTSTAMP:<TS>
DTSTART;VALUE=DATE:20260915
DTEND;VALUE=DATE:20260916
SUMMARY:范围：09/15-09/18 是一个日期范围
DESCRIPTION:main.md
BEGIN:VALARM
ACTION:DISPLAY
TRIGGER:-P1D
DESCRIPTION:范围：09/15-09/18 是一个日期范围
END:VALARM
END:VEVENT
BEGIN:VEVENT
UID:787b257f98734850ecbb65b1aff42c92@planning.joesonzx
DTSTAMP:<TS>
DTSTART;VALUE=DATE:20260918
DTEND;VALUE=DATE:20260919
SUMMARY:范围：09/15-09/18 是一个日期范围
DESCRIPTION:main.md
BEGIN:VALARM
ACTION:DISPLAY
TRIGGER:-P1D
DESCRIPTION:范围：09/15-09/18 是一个日期范围
END:VALARM
END:VEVENT
BEGIN:VEVENT
UID:7a0ed02c6a510e4cac9b812fc38faa27@planning.joesonzx
DTSTAMP:<TS>
DTSTART;VALUE=DATE:20260917
DTEND;VALUE=DATE:20260918
SUMMARY:三天前新增的任务 09/17
DESCRIPTION:main.md
BEGIN:VALARM
ACTION:DISPLAY
TRIGGER:-P1D
DESCRIPTION:三天前新增的任务 09/17
END:VALARM
END:VEVENT
BEGIN:VEVENT
UID:fadb22205d131818c973940ec593d320@planning.joesonzx
DTSTAMP:<TS>
DTSTART;VALUE=DATE:20260914
DTEND;VALUE=DATE:20260915
SUMMARY:开学 09/14
DESCRIPTION:规划/term.md
BEGIN:VALARM
ACTION:DISPLAY
TRIGGER:-P1D
DESCRIPTION:开学 09/14
END:VALARM
END:VEVENT
BEGIN:VEVENT
UID:ef06ad56d3f5aafcb876fd2dd84e225c@planning.joesonzx
DTSTAMP:<TS>
DTSTART;VALUE=DATE:20260925
DTEND;VALUE=DATE:20260926
SUMMARY:期末 09/25
DESCRIPTION:规划/term.md
BEGIN:VALARM
ACTION:DISPLAY
TRIGGER:-P1D
DESCRIPTION:期末 09/25
END:VALARM
END:VEVENT
END:VCALENDAR
