{
 "generated_at": "<TS>",
 "today": "2026-09-12",
 "timeline": [
  [
   "08:30",
   "上午 · 课业"
  ],
  [
   "13:00",
   "下午 · 科研"
  ]
 ],
 "today_items": [],
 "sched_today": [],
 "week": [
  {
   "date": "2026-09-13",
   "items": [
    {
     "t": "明天的事（09/13 之前）",
     "s": false,
     "d": false,
     "f": "main.md",
     "l": 4,
     "dates": [
      "2026-09-13"
     ]
    },
    {
     "t": "开学 09/13",
     "s": false,
     "d": false,
     "f": "规划/term.md",
     "l": 2,
     "dates": [
      "2026-09-13"
     ]
    }
   ],
   "sched": []
  },
  {
   "date": "2026-09-14",
   "items": [],
   "sched": [
    {
     "t": "9:30 · 表格行任务 09/14",
     "s": false,
     "d": null,
     "f": "main.md",
     "l": 10,
     "dates": [
      "2026-09-14"
     ]
    }
   ]
  },
  {
   "date": "2026-09-15",
   "items": [
    {
     "t": "⭐⭐缴费截止 09/15",
     "s": true,
     "d": false,
     "f": "main.md",
     "l": 5,
     "dates": [
      "2026-09-15"
     ]
    }
   ],
   "sched": []
  },
  {
   "date": "2026-09-16",
   "items": [
    {
     "t": "三天前新增的任务 09/16",
     "s": false,
     "d": false,
     "f": "main.md",
     "l": 15,
     "dates": [
      "2026-09-16"
     ]
    }
   ],
   "sched": []
  }
 ],
 "stale": [
  {
   "t": "无日期悬空任务",
   "s": false,
   "d": false,
   "f": "main.md",
   "l": 7,
   "dates": []
  },
  {
   "t": "陈旧无日期任务一",
   "s": false,
   "d": false,
   "f": "stale.md",
   "l": 2,
   "dates": []
  },
  {
   "t": "陈旧无日期任务二",
   "s": false,
   "d": false,
   "f": "stale.md",
   "l": 3,
   "dates": []
  },
  {
   "t": "陈旧带日期任务（08/23）",
   "s": false,
   "d": false,
   "f": "stale.md",
   "l": 4,
   "dates": [
    "2026-08-23"
   ]
  }
 ]
}