{
 "generated_at": "<TS>",
 "today": "2026-09-14",
 "timeline": [
  [
   "08:30",
   "上午 · 课业"
  ],
  [
   "13:00",
   "下午 · 科研"
  ]
 ],
 "today_items": [],
 "sched_today": [],
 "misc_today": [],
 "week": [
  {
   "date": "2026-09-15",
   "items": [
    {
     "t": "明天的事（09/15 之前）",
     "s": false,
     "d": false,
     "f": "main.md",
     "l": 4,
     "dates": [
      "2026-09-15"
     ]
    },
    {
     "t": "开学 09/15",
     "s": false,
     "d": false,
     "f": "规划/term.md",
     "l": 2,
     "dates": [
      "2026-09-15"
     ]
    }
   ],
   "sched": [],
   "misc": []
  },
  {
   "date": "2026-09-16",
   "items": [],
   "sched": [
    {
     "t": "9:30 · 表格行任务 09/16",
     "s": false,
     "d": null,
     "f": "main.md",
     "l": 10,
     "dates": [
      "2026-09-16"
     ]
    }
   ],
   "misc": [
    {
     "t": "范围：09/16-09/19 是一个日期范围",
     "s": false,
     "d": null,
     "f": "main.md",
     "l": 14,
     "dates": [
      "2026-09-16",
      "2026-09-19"
     ]
    }
   ]
  },
  {
   "date": "2026-09-17",
   "items": [
    {
     "t": "⭐⭐缴费截止 09/17",
     "s": true,
     "d": false,
     "f": "main.md",
     "l": 5,
     "dates": [
      "2026-09-17"
     ]
    }
   ],
   "sched": [],
   "misc": []
  },
  {
   "date": "2026-09-18",
   "items": [
    {
     "t": "三天前新增的任务 09/18",
     "s": false,
     "d": false,
     "f": "main.md",
     "l": 15,
     "dates": [
      "2026-09-18"
     ]
    }
   ],
   "sched": [],
   "misc": []
  }
 ],
 "stale": [
  {
   "t": "无日期悬空任务",
   "s": false,
   "d": false,
   "f": "main.md",
   "l": 7,
   "dates": []
  },
  {
   "t": "陈旧无日期任务一",
   "s": false,
   "d": false,
   "f": "stale.md",
   "l": 2,
   "dates": []
  },
  {
   "t": "陈旧无日期任务二",
   "s": false,
   "d": false,
   "f": "stale.md",
   "l": 3,
   "dates": []
  },
  {
   "t": "陈旧带日期任务（08/25）",
   "s": false,
   "d": false,
   "f": "stale.md",
   "l": 4,
   "dates": [
    "2026-08-25"
   ]
  }
 ],
 "month": {
  "label": "2026年9月",
  "start": "2026-09-01",
  "end": "2026-09-30",
  "days": {
   "2026-09-15": {
    "items": [
     {
      "t": "明天的事（09/15 之前）",
      "s": false,
      "d": false,
      "f": "main.md",
      "l": 4,
      "dates": [
       "2026-09-15"
      ]
     },
     {
      "t": "开学 09/15",
      "s": false,
      "d": false,
      "f": "规划/term.md",
      "l": 2,
      "dates": [
       "2026-09-15"
      ]
     }
    ],
    "sched": [],
    "misc": []
   },
   "2026-09-16": {
    "items": [],
    "sched": [
     {
      "t": "9:30 · 表格行任务 09/16",
      "s": false,
      "d": null,
      "f": "main.md",
      "l": 10,
      "dates": [
       "2026-09-16"
      ]
     }
    ],
    "misc": []
   },
   "2026-09-17": {
    "items": [
     {
      "t": "⭐⭐缴费截止 09/17",
      "s": true,
      "d": false,
      "f": "main.md",
      "l": 5,
      "dates": [
       "2026-09-17"
      ]
     }
    ],
    "sched": [],
    "misc": []
   },
   "2026-09-18": {
    "items": [
     {
      "t": "三天前新增的任务 09/18",
      "s": false,
      "d": false,
      "f": "main.md",
      "l": 15,
      "dates": [
       "2026-09-18"
      ]
     }
    ],
    "sched": [],
    "misc": []
   },
   "2026-09-26": {
    "items": [
     {
      "t": "期末 09/26",
      "s": false,
      "d": false,
      "f": "规划/term.md",
      "l": 3,
      "dates": [
       "2026-09-26"
      ]
     }
    ],
    "sched": [],
    "misc": []
   }
  },
  "spans": [
   {
    "t": "范围：09/16-09/19 是一个日期范围",
    "s": false,
    "d": null,
    "f": "main.md",
    "l": 14,
    "dates": [
     "2026-09-16",
     "2026-09-19"
    ],
    "k": "misc"
   }
  ]
 }
}